// Jest Snapshot v1, https://goo.gl/fbAQLP

exports[`Tests for MainCard component with Redux Matches snapshot 1`] = `
<div
  className="loader"
/>
`;
